2025-03-02 19:07:42,326 - app.main - INFO - Home page accessed
2025-03-02 19:08:51,132 - app.main - INFO - Home page accessed
2025-03-02 19:08:55,311 - app.main - INFO - PDF tools page accessed
2025-03-02 19:09:06,912 - app.main - INFO - PDF tools page accessed
2025-03-02 19:09:20,869 - app.routes.pdf - INFO - Combining 2 PDF files
2025-03-02 19:09:20,871 - app.routes.pdf - ERROR - Error combining PDFs: PdfMerger is deprecated and was removed in pypdf 5.0.0. Use PdfWriter instead.
2025-03-02 19:10:38,352 - app.main - INFO - PDF tools page accessed
2025-03-02 19:10:47,137 - app.routes.pdf - INFO - Combining 2 PDF files
2025-03-02 19:10:47,138 - app.routes.pdf - ERROR - Error combining PDFs: PdfMerger is deprecated and was removed in pypdf 5.0.0. Use PdfWriter instead.
2025-03-02 19:14:18,072 - app.main - INFO - PDF tools page accessed
2025-03-02 19:14:27,395 - app.routes.pdf - INFO - Combining 2 PDF files
2025-03-02 19:16:00,990 - app.main - INFO - PDF tools page accessed
2025-03-02 19:16:43,787 - app.routes.pdf - INFO - Combining 2 PDF files
2025-03-02 19:18:09,664 - app.main - INFO - PDF tools page accessed
2025-03-02 19:18:16,495 - app.routes.pdf - INFO - Combining 2 PDF files
2025-03-02 19:18:45,831 - app.routes.pdf - INFO - Compressing PDF file: Brian Siklinski - police background check.pdf
2025-03-02 21:32:16,350 - app.main - INFO - Home page accessed
2025-03-02 21:32:24,548 - app.main - INFO - PDF tools page accessed
2025-03-02 21:32:50,568 - app.routes.pdf - INFO - Combining 2 PDF files
2025-03-02 21:34:10,266 - app.main - INFO - PDF tools page accessed
2025-03-02 21:35:52,092 - app.main - INFO - Home page accessed
